// Vitest Snapshot v1, https://vitest.dev/guide/snapshot.html

exports[`coin markup is correct 1`] = `
<li
  class="_coin_bc0669  not-loaded"
>
  <label
    class="_label_bc0669"
    data-testid="coin-label"
  >
    <img
      alt=""
      class="_image_bc0669"
    />
    <input
      class="_input_bc0669"
      type="checkbox"
      value="2"
    />
  </label>
</li>
`;
